  [jvm.dll+0x28a304]
V  [jvm.dll+0x28a458]
V  [jvm.dll+0x28a6d2]
V  [jvm.dll+0x7066a]
V  [jvm.dll+0x70e1f]
V  [jvm.dll+0x17d800]
V  [jvm.dll+0x17e07a]
V  [jvm.dll+0x1c2ae6]
C  [msvcr100.dll+0x5c556]
C  [msvcr100.dll+0x5c600]
C  [kernel32.dll+0x1336a]
C  [ntdll.dll+0x39902]
C  [ntdll.dll+0x398d5]
C  0x00000000


Current CompileTask:
C1:   2985 1415   !         com.android.dx.dex.file.MixedItemSection::placeItems (185 bytes)


---------------  P R O C E S S  ---------------

Java Threads: ( => current thread )
  0x4507b800 JavaThread "Service Thread" daemon [_thread_blocked, id=7368, stack(0x45370000,0x453c0000)]
=>0x45032c00 JavaThread "C1 CompilerThread0" daemon [_thread_in_vm, id=7232, stack(0x455a0000,0x455f0000)]
  0x45032000 JavaThread "Attach Listener" daemon [_thread_blocked, id=4404, stack(0x454e0000,0x45530000)]
  0x4502f000 JavaThread "Signal Dispatcher" daemon [_thread_blocked, id=6632, stack(0x04750000,0x047a0000)]
  0x45018800 JavaThread "Finalizer" daemon [_thread_blocked, id=4740, stack(0x01ce0000,0x01d30000)]
  0x44ff3400 JavaThread "Reference Handler" daemon [_thread_blocked, id=5540, stack(0x45310000,0x45360000)]
  0x01ccd000 JavaThread "main" [_thread_blocked, id=7692, stack(0x02700000,0x02750000)]

Other Threads:
  0x44fec000 VMThread [stack: 0x02630000,0x02680000] [id=6748]
  0x4504c000 WatcherThread [stack: 0x45770000,0x457c0000] [id=4964]

VM state:not at safepoint (normal execution)

VM Mutex/Monitor currently owned by a thread:  ([mutex/lock_event])
[0x01ccaa40] CodeCache_lock - owner thread: 0x45032c00
[0x01ccbca0] Compile_lock - owner thread: 0x45032c00
[0x01ccbd98] MethodCompileQueue_lock - owner thread: 0x45032c00

Heap:
 def new generation   total 22912K, used 20423K [0x04800000, 0x060d0000, 0x19d50000)
  eden space 20416K,  87% used [0x04800000, 0x05981f18, 0x05bf0000)
  from space 2496K,  99% used [0x05e60000, 0x060cfff8, 0x060d0000)
  to   space 2496K,   0% used [0x05bf0000, 0x05bf0000, 0x05e60000)
 tenured generation   total 50708K, used 42760K [0x19d50000, 0x1ced5000, 0x44800000)
   the space 50708K,  84% used [0x19d50000, 0x1c7121f0, 0x1c712200, 0x1ced5000)
 Metaspace       used 3570K, capacity 3598K, committed 3648K, reserved 4480K

Card table byte_map: [0x44800000,0x44a10000] byte_map_base: 0x447dc000

Polling page: 0x00360000

CodeCache: size=32768Kb used=3124Kb max_used=3124Kb free=29643Kb
 bounds [0x02750000, 0x02a60000, 0x04750000]
 total_blobs=1559 nmethods=1413 adapters=76
 compilation: enabled

Compilation events (10 events):
Event: 2.963 Thread 0x45032c00 nmethod 1410 0x02a5a388 code [0x02a5a490, 0x02a5a52c]
Event: 2.963 Thread 0x45032c00 1411             com.android.dx.dex.code.form.Form3rc::isCompatible (113 bytes)
Event: 2.964 Thread 0x45032c00 nmethod 1411 0x02a5a588 code [0x02a5a6f0, 0x02a5aa48]
Event: 2.964 Thread 0x45032c00 1412             com.android.dx.dex.code.DalvInsn::expandedPrefix (64 bytes)
Event: 2.964 Thread 0x45032c00 nmethod 1412 0x02a5aec8 code [0x02a5b030, 0x02a5b2e4]
Event: 2.964 Thread 0x45032c00 1413             com.android.dx.dex.code.DalvInsn::expandedSuffix (40 bytes)
Event: 2.964 Thread 0x45032c00 nmethod 1413 0x02a5b648 code [0x02a5b780, 0x02a5b910]
Event: 2.964 Thread 0x45032c00 1414             com.android.dx.dex.code.HighRegisterPrefix::<init> (29 bytes)
Event: 2.964 Thread 0x45032c00 nmethod 1414 0x02a5bac8 code [0x02a5bbe0, 0x02a5bd28]
Event: 2.964 Thread 0x45032c00 1415   !         com.android.dx.dex.file.MixedItemSection::placeItems (185 bytes)

GC Heap History (10 events):
Event: 1.989 GC heap before
{Heap before GC invocations=33 (full 3):
 def new generation   total 22912K, used 20416K [0x04800000, 0x060d0000, 0x19d50000)
  eden space 20416K, 100% used [0x04800000, 0x05bf0000, 0x05bf0000)
  from space 2496K,   0% used [0x05bf0000, 0x05bf0000, 0x05e60000)
  to   space 2496K,   0% used [0x05e60000, 0x05e60000, 0x060d0000)
 tenured generation   total 50708K, used 30423K [0x19d50000, 0x1ced5000, 0x44800000)
   the space 50708K,  59% used [0x19d50000, 0x1bb05ff8, 0x1bb06000, 0x1ced5000)
 Metaspace       used 3479K, capacity 3500K, committed 3520K, reserved 4480K
Event: 2.012 GC heap after
Heap after GC invocations=34 (full 3):
 def new generation   total 22912K, used 2495K [0x04800000, 0x060d0000, 0x19d50000)
  eden space 20416K,   0% used [0x04800000, 0x04800000, 0x05bf0000)
  from space 2496K,  99% used [0x05e60000, 0x060cfff8, 0x060d0000)
  to   space 2496K,   0% used [0x05bf0000, 0x05bf0000, 0x05e60000)
 tenured generation   total 50708K, used 32409K [0x19d50000, 0x1ced5000, 0x44800000)
   the space 50708K,  63% used [0x19d50000, 0x1bcf6648, 0x1bcf6800, 0x1ced5000)
 Metaspace       used 3479K, capacity 3500K, committed 3520K, reserved 4480K
}
Event: 2.055 GC heap before
{Heap before GC invocations=34 (full 3):
 def new generation   total 22912K, used 22911K [0x04800000, 0x060d0000, 0x19d50000)
  eden space 20416K, 100% used [0x04800000, 0x05bf0000, 0x05bf0000)
  from space 2496K,  99% used [0x05e60000, 0x060cfff8, 0x060d0000)
  to   space 2496K,   0% used [0x05bf0000, 0x05bf0000, 0x05e60000)
 tenured generation   total 50708K, used 32409K [0x19d50000, 0x1ced5000, 0x44800000)
   the space 50708K,  63% used [0x19d50000, 0x1bcf6648, 0x1bcf6800, 0x1ced5000)
 Metaspace       used 3479K, capacity 3500K, committed 3520K, reserved 4480K
Event: 2.067 GC heap after
Heap after GC invocations=35 (full 3):
 def new generation   total 22912K, used 2496K [0x04800000, 0x060d0000, 0x19d50000)
  eden space 20416K,   0% used [0x04800000, 0x04800000, 0x05bf0000)
  from space 2496K, 100% used [0x05bf0000, 0x05e60000, 0x05e60000)
  to   space 2496K,   0% used [0x05e60000, 0x05e60000, 0x060d0000)
 tenured generation   total 50708K, used 34413K [0x19d50000, 0x1ced5000, 0x44800000)
   the space 50708K,  67% used [0x19d50000, 0x1beeb658, 0x1beeb800, 0x1ced5000)
 Metaspace       used 3479K, capacity 3500K, committed 3520K, reserved 4480K
}
Event: 2.123 GC heap before
{Heap before GC invocations=35 (full 3):
 def new generation   total 22912K, used 22912K [0x04800000, 0x060d0000, 0x19d50000)
  eden space 20416K, 100% used [0x04800000, 0x05bf0000, 0x05bf0000)
  from space 2496K, 100% used [0x05bf0000, 0x05e60000, 0x05e60000)
  to   space 2496K,   0% used [0x05e60000, 0x05e60000, 0x060d0000)
 tenured generation   total 50708K, used 34413K [0x19d50000, 0x1ced5000, 0x44800000)
   the space 50708K,  67% used [0x19d50000, 0x1beeb658, 0x1beeb800, 0x1ced5000)
 Metaspace       used 3479K, capacity 3500K, committed 3520K, reserved 4480K
Event: 2.137 GC heap after
Heap after GC invocations=36 (full 3):
 def new generation   total 22912K, used 2496K [0x04800000, 0x060d0000, 0x19d50000)
  eden space 20416K,   0% used [0x04800000, 0x04800000, 0x05bf0000)
  from space 2496K, 100% used [0x05e60000, 0x060d0000, 0x060d0000)
  to   space 2496K,   0% used [0x05bf0000, 0x05bf0000, 0x05e60000)
 tenured generation   total 50708K, used 37517K [0x19d50000, 0x1ced5000, 0x44800000)
   the space 50708K,  73% used [0x19d50000, 0x1c1f36e8, 0x1c1f3800, 0x1ced5000)
 Metaspace       used 3479K, capacity 3500K, committed 3520K, reserved 4480K
}
Event: 2.211 GC heap before
{Heap before GC invocations=36 (full 3):
 def new generation   total 22912K, used 22912K [0x04800000, 0x060d0000, 0x19d50000)
  eden space 20416K, 100% used [0x04800000, 0x05bf0000, 0x05bf0000)
  from space 2496K, 100% used [0x05e60000, 0x060d0000, 0x060d0000)
  to   space 2496K,   0% used [0x05bf0000, 0x05bf0000, 0x05e60000)
 tenured generation   total 50708K, used 37517K [0x19d50000, 0x1ced5000, 0x44800000)
   the space 50708K,  73% used [0x19d50000, 0x1c1f36e8, 0x1c1f3800, 0x1ced5000)
 Metaspace       used 3479K, capacity 3500K, committed 3520K, reserved 4480K
Event: 2.223 GC heap after
Heap after GC invocations=37 (full 3):
 def new generation   total 22912K, used 2495K [0x04800000, 0x060d0000, 0x19d50000)
  eden space 20416K,   0% used [0x04800000, 0x04800000, 0x05bf0000)
  from space 2496K,  99% used [0x05bf0000, 0x05e5fff8, 0x05e60000)
  to   space 2496K,   0% used [0x05e60000, 0x05e60000, 0x060d0000)
 tenured generation   total 50708K, used 40347K [0x19d50000, 0x1ced5000, 0x44800000)
   the space 50708K,  79% used [0x19d50000, 0x1c4b6e30, 0x1c4b7000, 0x1ced5000)
 Metaspace       used 3479K, capacity 3500K, committed 3520K, reserved 4480K
}
Event: 2.434 GC heap before
{Heap before GC invocations=37 (full 3):
 def new generation   total 22912K, used 22911K [0x04800000, 0x060d0000, 0x19d50000)
  eden space 20416K, 100% used [0x04800000, 0x05bf0000, 0x05bf0000)
  from space 2496K,  99% used [0x05bf0000, 0x05e5fff8, 0x05e60000)
  to   space 2496K,   0% used [0x05e60000, 0x05e60000, 0x060d0000)
 tenured generation   total 50708K, used 40347K [0x19d50000, 0x1ced5000, 0x44800000)
   the space 50708K,  79% used [0x19d50000, 0x1c4b6e30, 0x1c4b7000, 0x1ced5000)
 Metaspace       used 3483K, capacity 3534K, committed 3648K, reserved 4480K
Event: 2.445 GC heap after
Heap after GC invocations=38 (full 3):
 def new generation   total 22912K, used 2495K [0x04800000, 0x060d0000, 0x19d50000)
  eden space 20416K,   0% used [0x04800000, 0x04800000, 0x05bf0000)
  from space 2496K,  99% used [0x05e60000, 0x060cfff8, 0x060d0000)
  to   space 2496K,   0% used [0x05bf0000, 0x05bf0000, 0x05e60000)
 tenured generation   total 50708K, used 42760K [0x19d50000, 0x1ced5000, 0x44800000)
   the space 50708K,  84% used [0x19d50000, 0x1c7121f0, 0x1c712200, 0x1ced5000)
 Metaspace       used 3483K, capacity 3534K, committed 3648K, reserved 4480K
}

Deoptimization events (0 events):
No events

Internal exceptions (5 events):
Event: 0.058 Thread 0x01ccd000 Exception <a 'java/lang/NoSuchMethodError': Method sun.misc.Unsafe.defineClass(Ljava/lang/String;[BII)Ljava/lang/Class; name or signature does not match> (0x04806e98) thrown at [C:\workspace\8-2-build-windows-i586-cygwin\jdk8u121\8372\hotspot\src\share\vm
Event: 0.058 Thread 0x01ccd000 Exception <a 'java/lang/NoSuchMethodError': Method sun.misc.Unsafe.prefetchRead(Ljava/lang/Object;J)V name or signature does not match> (0x04807168) thrown at [C:\workspace\8-2-build-windows-i586-cygwin\jdk8u121\8372\hotspot\src\share\vm\prims\jni.cpp, li
Event: 1.749 Thread 0x451bb400 Exception <a 'java/lang/ArrayIndexOutOfBoundsException': 18> (0x04e6e498) thrown at [C:\workspace\8-2-build-windows-i586-cygwin\jdk8u121\8372\hotspot\src\share\vm\interpreter\interpreterRuntime.cpp, line 366]
Event: 1.749 Thread 0x451bb400 Exception <a 'java/lang/ArrayIndexOutOfBoundsException': 145> (0x04e6fd38) thrown at [C:\workspace\8-2-build-windows-i586-cygwin\jdk8u121\8372\hotspot\src\share\vm\interpreter\interpreterRuntime.cpp, line 366]
Event: 1.750 Thread 0x451bb400 Exception <a 'java/lang/ArrayIndexOutOfBoundsException': 40> (0x04e70e18) thrown at [C:\workspace\8-2-build-windows-i586-cygwin\jdk8u121\8372\hotspot\src\share\vm\interpreter\interpreterRuntime.cpp, line 366]

Events (10 events):
Event: 2.734 loading class com/android/dx/dex/code/CatchTable
Event: 2.734 loading class com/android/dx/dex/code/CatchTable done
Event: 2.750 loading class com/android/dx/dex/code/CatchHandlerList$Entry
Event: 2.750 loading class com/android/dx/dex/code/CatchHandlerList$Entry done
Event: 2.751 loading class com/android/dx/dex/code/CatchTable$Entry
Event: 2.751 loading class com/android/dx/dex/code/CatchTable$Entry done
Event: 2.751 loading class com/android/dx/util/ByteArrayAnnotatedOutput
Event: 2.751 loading class com/android/dx/util/ByteArrayAnnotatedOutput done
Event: 2.764 loading class com/android/dx/rop/code/RegisterSpecList$Expander
Event: 2.764 loading class com/android/dx/rop/code/RegisterSpecList$Expander done


Dynamic libraries:
0x00380000 - 0x003b3000 	E:\jinhui_workspace\Java\jdk1.8.0_121\bin\java.exe
0x76fb0000 - 0x77130000 	C:\Windows\SysWOW64\ntdll.dll
0x76aa0000 - 0x76bb0000 	C:\Windows\syswow64\kernel32.dll
0x75a60000 - 0x75aa7000 	C:\Windows\syswow64\KERNELBASE.dll
0x76430000 - 0x764d1000 	C:\Windows\syswow64\ADVAPI32.dll
0x76910000 - 0x769bc000 	C:\Windows\syswow64\msvcrt.dll
0x759a0000 - 0x759b9000 	C:\Windows\SysWOW64\sechost.dll
0x762a0000 - 0x76390000 	C:\Windows\syswow64\RPCRT4.dll
0x74aa0000 - 0x74b00000 	C:\Windows\syswow64\SspiCli.dll
0x74a90000 - 0x74a9c000 	C:\Windows\syswow64\CRYPTBASE.dll
0x766b0000 - 0x767b0000 	C:\Windows\syswow64\USER32.dll
0x76060000 - 0x760f0000 	C:\Windows\syswow64\GDI32.dll
0x75a50000 - 0x75a5a000 	C:\Windows\syswow64\LPK.dll
0x76390000 - 0x7642d000 	C:\Windows\syswow64\USP10.dll
0x703f0000 - 0x7058e000 	C:\Windows\WinSxS\x86_microsoft.windows.common-controls_6595b64144ccf1df_6.0.7601.18837_none_41e855142bd5705d\COMCTL32.dll
0x75c10000 - 0x75c67000 	C:\Windows\syswow64\SHLWAPI.dll
0x76a40000 - 0x76aa0000 	C:\Windows\system32\IMM32.DLL
0x75cd0000 - 0x75d9c000 	C:\Windows\syswow64\MSCTF.dll
0x62080000 - 0x6213f000 	E:\jinhui_workspace\Java\jdk1.8.0_121\jre\bin\msvcr100.dll
0x5abf0000 - 0x5afbe000 	E:\jinhui_workspace\Java\jdk1.8.0_121\jre\bin\client\jvm.dll
0x6c8a0000 - 0x6c8a7000 	C:\Windows\system32\WSOCK32.dll
0x74d10000 - 0x74d45000 	C:\Windows\syswow64\WS2_32.dll
0x75ab0000 - 0x75ab6000 	C:\Windows\syswow64\NSI.dll
0x73200000 - 0x73232000 	C:\Windows\system32\WINMM.dll
0x749c0000 - 0x749c9000 	C:\Windows\system32\VERSION.dll
0x76f80000 - 0x76f85000 	C:\Windows\syswow64\PSAPI.DLL
0x73d50000 - 0x73d5c000 	E:\jinhui_workspace\Java\jdk1.8.0_121\jre\bin\verify.dll
0x6c810000 - 0x6c831000 	E:\jinhui_workspace\Java\jdk1.8.0_121\jre\bin\java.dll
0x6c7f0000 - 0x6c803000 	E:\jinhui_workspace\Java\jdk1.8.0_121\jre\bin\zip.dll
0x74d50000 - 0x7599c000 	C:\Windows\syswow64\SHELL32.dll
0x767b0000 - 0x7690d000 	C:\Windows\syswow64\ole32.dll
0x74980000 - 0x7498b000 	C:\Windows\system32\profapi.dll

VM Arguments:
jvm_args: -Djava.awt.headless=true -Xmx1024M -Dfile.encoding=GBK -Duser.country=CN -Duser.language=zh -Duser.variant 
java_command: com.android.dx.command.Main --dex --num-threads=4 --output C:\Users\Administrator\Desktop\DianYou\app\build\intermediates\pre-dexed\release\classes_0d132a0752373135663100f907e053dae95654be.jar C:\Users\Administrator\.android\build-cache\4eaccf0d162ec009b115c7e0ff4f542f8d2a663b\output\jars\classes.jar
java_class_path (initial): D:\Android\sdk\build-tools\25.0.3\lib\dx.jar
Launcher Type: SUN_STANDARD

Environment Variables:
CLASSPATH=C:\Users\Administrator\Desktop\DianYou\\gradle\wrapper\gradle-wrapper.jar
PATH=C:\Python27\;C:\Python27\Scripts;C:\Windows\system32;C:\Windows;C:\Windows\System32\Wbem;C:\Windows\System32\WindowsPowerShell\v1.0\;E:\jinhui_workspace\Java\jdk1.8.0_121\bin;C:\Program Files\Microsoft SQL Server\130\Tools\Binn\;C:\Python27;C:\Program Files\Git\cmd;C:\ProgramData\chocolatey\bin;E:\jinhui_workspace\Node.js\;D:\Android\sdk\tools;D:\Android\sdk\platform-tools;C:\Program Files\TortoiseGit\bin;C:\Windows\System32;%ANDROID_NDK%;%ANDROID_HOME%;E:\jinhui_workspace\cocos2d-x-3.15\templates;E:\jinhui_workspace\cocos2d-x-3.15\tools\cocos2d-console\bin;\cocos2d-x-3.14.1\templates;E:\jinhui_workspace\VSCode\Microsoft VS Code\bin;D:\Android\sdk\tools;D:\Android\sdk\platform-tools;D:\Android\Android Studio\gradle\gradle-3.2\BIN;%JAVA_HOME%;D:\Android\sdk;C:\Users\Administrator\AppData\Local\atom\bin;C:\Users\Administrator\AppData\Roaming\npm;D:\Android\sdk\android-ndk-r10e;D:\Android\sdk;
USERNAME=Administrator
OS=Windows_NT
PROCESSOR_IDENTIFIER=Intel64 Family 6 Model 94 Stepping 3, GenuineIntel



---------------  S Y S T E M  ---------------

OS:Call to GetFileVersionInfoSize failed

CPU:total 4 (4 cores per cpu, 1 threads per core) family 6 model 94 stepping 3, cmov, cx8, fxsr, mmx, sse, sse2, sse3, ssse3, sse4.1, sse4.2, popcnt, avx, avx2, aes, clmul, erms, 3dnowpref, lzcnt, tsc, tscinvbit, bmi1, bmi2, adx

Memory: 4k page, physical 8272300k(610052k free), swap 10367592k(3036k free)

vm_info: Java HotSpot(TM) Client VM (25.121-b13) for windows-x86 JRE (1.8.0_121-b13), built on Dec 12 2016 18:17:00 by "java_re" with MS VC++ 10.0 (VS2010)

time: Mon Sep 25 14:43:31 2017
elapsed time: 3 seconds (0d 0h 0m 3s)

